contexts:
    local:
        endpoint: http://localhost:9081
        token: default
        platform: kubernetes
        components:
            - meshplay-istio
        channel: stable
        version: latest
        provider: Meshplay
current-context: local
tokens:
    - location: auth.json
      name: default
    - location: auth.json
      name: default2
